// Jest Snapshot v1, https://goo.gl/fbAQLP

exports[`Modal styles snapshot renders 1`] = `
<styles__Modal>
  <StyledComponent
    forwardedComponent={
      Object {
        "$$typeof": Symbol(react.forward_ref),
        "attrs": Array [],
        "componentStyle": ComponentStyle {
          "componentId": "styles__Modal-sc-6vcceo-4",
          "isStatic": false,
          "lastClassName": "cFTjBz",
          "rules": Array [
            "background-color:#ffffff;border:1px solid #e9ecef;bottom:auto;left:50%;max-width:650px;outline:none;padding:20px 20px 62px;position:absolute;right:auto;top:43%;width:calc(100% - 20px);",
            [Function],
          ],
        },
        "displayName": "styles__Modal",
        "foldedComponentIds": Array [],
        "render": [Function],
        "styledComponentId": "styles__Modal-sc-6vcceo-4",
        "target": "div",
        "toString": [Function],
        "warnTooManyClasses": [Function],
        "withComponent": [Function],
      }
    }
    forwardedRef={null}
  >
    <div
      className="cFTjBz"
    >
      <styles__Header>
        <StyledComponent
          forwardedComponent={
            Object {
              "$$typeof": Symbol(react.forward_ref),
              "attrs": Array [],
              "componentStyle": ComponentStyle {
                "componentId": "styles__Header-sc-6vcceo-2",
                "isStatic": false,
                "lastClassName": "fZzAoB",
                "rules": Array [
                  "display:flex;flex-direction:row-reverse;justify-content:space-between;margin-bottom:30px;@media (min-width:",
                  "768px",
                  "){padding-left:20px;}",
                ],
              },
              "displayName": "styles__Header",
              "foldedComponentIds": Array [],
              "render": [Function],
              "styledComponentId": "styles__Header-sc-6vcceo-2",
              "target": "div",
              "toString": [Function],
              "warnTooManyClasses": [Function],
              "withComponent": [Function],
            }
          }
          forwardedRef={null}
        >
          <div
            className="fZzAoB"
          >
            <styles__Close>
              <StyledComponent
                forwardedComponent={
                  Object {
                    "$$typeof": Symbol(react.forward_ref),
                    "attrs": Array [],
                    "componentStyle": ComponentStyle {
                      "componentId": "styles__Close-sc-6vcceo-1",
                      "isStatic": false,
                      "lastClassName": "dbJOmm",
                      "rules": Array [
                        "height:32px;opacity:0.3;position:relative;width:32px;&:hover{cursor:pointer;opacity:1;}&:before,&:after{background-color:#333;content:\\" \\";height:33px;left:15px;position:absolute;width:2px;}&:before{transform:rotate(45deg);}&:after{transform:rotate(-45deg);}",
                      ],
                    },
                    "displayName": "styles__Close",
                    "foldedComponentIds": Array [],
                    "render": [Function],
                    "styledComponentId": "styles__Close-sc-6vcceo-1",
                    "target": "a",
                    "toString": [Function],
                    "warnTooManyClasses": [Function],
                    "withComponent": [Function],
                  }
                }
                forwardedRef={null}
              >
                <a
                  className="dbJOmm"
                />
              </StyledComponent>
            </styles__Close>
            <styles__Heading>
              <StyledComponent
                forwardedComponent={
                  Object {
                    "$$typeof": Symbol(react.forward_ref),
                    "attrs": Array [],
                    "componentStyle": ComponentStyle {
                      "componentId": "styles__Heading-sc-6vcceo-3",
                      "isStatic": false,
                      "lastClassName": "cTnCmE",
                      "rules": Array [
                        "font-weight:700;margin:0;",
                      ],
                    },
                    "displayName": "styles__Heading",
                    "foldedComponentIds": Array [],
                    "render": [Function],
                    "styledComponentId": "styles__Heading-sc-6vcceo-3",
                    "target": "h2",
                    "toString": [Function],
                    "warnTooManyClasses": [Function],
                    "withComponent": [Function],
                  }
                }
                forwardedRef={null}
              >
                <h2
                  className="cTnCmE"
                />
              </StyledComponent>
            </styles__Heading>
          </div>
        </StyledComponent>
      </styles__Header>
      <styles__Body>
        <StyledComponent
          forwardedComponent={
            Object {
              "$$typeof": Symbol(react.forward_ref),
              "attrs": Array [],
              "componentStyle": ComponentStyle {
                "componentId": "styles__Body-sc-6vcceo-0",
                "isStatic": false,
                "lastClassName": "dfQguO",
                "rules": Array [
                  "@media (min-width:",
                  "768px",
                  "){padding:10px 20px;}",
                  [Function],
                ],
              },
              "displayName": "styles__Body",
              "foldedComponentIds": Array [],
              "render": [Function],
              "styledComponentId": "styles__Body-sc-6vcceo-0",
              "target": "div",
              "toString": [Function],
              "warnTooManyClasses": [Function],
              "withComponent": [Function],
            }
          }
          forwardedRef={null}
        >
          <div
            className="dfQguO"
          />
        </StyledComponent>
      </styles__Body>
    </div>
  </StyledComponent>
</styles__Modal>
`;
