// Jest Snapshot v1, https://goo.gl/fbAQLP

exports[`Button component snapshot renders 1`] = `
<styles__Button
  type="button"
/>
`;
